  .   ____          _            __ _ _
 /\\ / ___'_ __ _ _(_)_ __  __ _ \ \ \ \
( ( )\___ | '_ | '_| | '_ \/ _` | \ \ \ \
 \\/  ___)| |_)| | | | | || (_| |  ) ) ) )
  '  |____| .__|_| |_|_| |_\__, | / / / /
 =========|_|==============|___/=/_/_/_/

 :: Spring Boot ::                (v3.3.0)

2026-05-09T21:32:10.039+09:00  INFO 9664 --- [           main] c.e.benchmark.BenchmarkApplication       : Starting BenchmarkApplication v0.0.1-SNAPSHOT using Java 17.0.2 with PID 9664 (C:\Users\gotok\OneDrive\ドキュメント\java-project\data-oriented-design\target\index-benchmark-0.0.1-SNAPSHOT.jar started by gotok in C:\Users\gotok\OneDrive\ドキュメント\java-project\data-oriented-design)
2026-05-09T21:32:10.068+09:00  INFO 9664 --- [           main] c.e.benchmark.BenchmarkApplication       : No active profile set, falling back to 1 default profile: "default"
2026-05-09T21:32:14.478+09:00  INFO 9664 --- [           main] o.s.b.w.embedded.tomcat.TomcatWebServer  : Tomcat initialized with port 8080 (http)
2026-05-09T21:32:14.526+09:00  INFO 9664 --- [           main] o.apache.catalina.core.StandardService   : Starting service [Tomcat]
2026-05-09T21:32:14.527+09:00  INFO 9664 --- [           main] o.apache.catalina.core.StandardEngine    : Starting Servlet engine: [Apache Tomcat/10.1.24]
2026-05-09T21:32:14.655+09:00  INFO 9664 --- [           main] o.a.c.c.C.[Tomcat].[localhost].[/]       : Initializing Spring embedded WebApplicationContext
2026-05-09T21:32:14.661+09:00  INFO 9664 --- [           main] w.s.c.ServletWebServerApplicationContext : Root WebApplicationContext: initialization completed in 4322 ms
2026-05-09T21:32:15.289+09:00  INFO 9664 --- [           main] o.s.b.a.w.s.WelcomePageHandlerMapping    : Adding welcome page: class path resource [static/index.html]
2026-05-09T21:32:16.226+09:00  INFO 9664 --- [           main] o.s.b.w.embedded.tomcat.TomcatWebServer  : Tomcat started on port 8080 (http) with context path '/'
2026-05-09T21:32:16.281+09:00  INFO 9664 --- [           main] c.e.benchmark.BenchmarkApplication       : Started BenchmarkApplication in 8.069 seconds (process running for 9.731)
2026-05-09T21:32:27.381+09:00  INFO 9664 --- [nio-8080-exec-1] o.a.c.c.C.[Tomcat].[localhost].[/]       : Initializing Spring DispatcherServlet 'dispatcherServlet'
2026-05-09T21:32:27.382+09:00  INFO 9664 --- [nio-8080-exec-1] o.s.web.servlet.DispatcherServlet        : Initializing Servlet 'dispatcherServlet'
2026-05-09T21:32:27.385+09:00  INFO 9664 --- [nio-8080-exec-1] o.s.web.servlet.DispatcherServlet        : Completed initialization in 3 ms
2026-05-09T21:32:27.543+09:00  INFO 9664 --- [nio-8080-exec-1] com.zaxxer.hikari.HikariDataSource       : HikariPool-1 - Starting...
2026-05-09T21:32:28.085+09:00  INFO 9664 --- [nio-8080-exec-1] com.zaxxer.hikari.pool.HikariPool        : HikariPool-1 - Added connection com.mysql.cj.jdbc.ConnectionImpl@28646d22
2026-05-09T21:32:28.092+09:00  INFO 9664 --- [nio-8080-exec-1] com.zaxxer.hikari.HikariDataSource       : HikariPool-1 - Start completed.
